Successfully connected to MFC Controller!
Successfully connected to adsorbent trap!
Successfully connected to Valve Controller!

Beginning state: off.

Sample flow disabled.
Backflush flow disabled.
Set point changed to: -99.

**********************************************************************
*                    BEGINNING SEQUENCE: DAY RUN.                    *
**********************************************************************
**********************************************************************
*                        BEGINNING RUN (1/2)                         *
*                     METHOD: 2000 ML - STANDARD                     *
*                      SAMPLE: "BREATHING AIR".                      *
**********************************************************************
Selecting sample #15.
Running change over method to prime sample line.
Invalid stream select command. Use "home", "step", or enter the position.

Beginning state: evacuate.

Waiting 30 seconds to proceed.
Wait will complete at [2024] Mar 09 12:42:53.
[====================] 30.00 s [0.00 seconds remaining]     

Beginning state: flush.

Setting sample flow rate to 50. Please wait for flow to stabilize.
Waiting 30 seconds to proceed.
Wait will complete at [2024] Mar 09 12:43:41.
[====================] 30.00 s [0.00 seconds remaining]     

Beginning state: off.

Sample flow disabled.


Change over complete. Continuing to 2000 mL - Standard method.

Beginning state: cool down.

Checking that ads trap temperature is < -29.

Temperature threshold reached! Currently measuring -29.0


Beginning state: flush.

Setting sample flow rate to 100. Please wait for flow to stabilize.
Waiting 30 seconds to proceed.
Wait will complete at [2024] Mar 09 12:50:32.
[====================] 30.00 s [0.00 seconds remaining]     

Beginning state: sampling.

Precision timed pulse (20.0 min) on valve 1.
Pulse will complete at [2024] Mar 09 13:10:32.
sample volume: 2003.216614412445 mL

Beginning state: pre-backflush.

Sample flow disabled.
Setting backflush flow rate to 100. Please wait for flow to stabilize.
Waiting 15 seconds to proceed.
Wait will complete at [2024] Mar 09 13:11:18.
[====================] 15.00 s [0.00 seconds remaining]     

Beginning state: backflush.

Waiting 90 seconds to proceed.
Wait will complete at [2024] Mar 09 13:12:49.
[====================] 90.00 s [0.00 seconds remaining]     

Beginning state: drop backflush.

Setting backflush flow rate to 15. Please wait for flow to stabilize.


Beginning state: isolate trap.

Waiting 3 seconds to proceed.
Wait will complete at [2024] Mar 09 13:13:07.
[====================] 3.00 s [0.00 seconds remaining]     

Beginning state: check GC.

Waiting for GC to be ready.
Method will time out at [2024] Mar 09 13:19:07 if the GC is not ready.
GC ready.

Beginning state: flash heat.

Set point changed to: 698.5.
Waiting 6 seconds to proceed.
Wait will complete at [2024] Mar 09 13:13:14.
[====================] 6.00 s [0.00 seconds remaining]     

Beginning state: check heater.

Checking that ads trap temperature is > 275.

Temperature threshold reached! Currently measuring 282.1


Beginning state: start GC.

Waiting for GC to be ready.
Method will time out at [2024] Mar 09 13:19:19 if the GC is not ready.
GC ready.

Beginning state: inject.

Waiting 30 seconds to proceed.
Wait will complete at [2024] Mar 09 13:13:50.
[====================] 30.00 s [0.00 seconds remaining]     

Beginning state: bake out.

Waiting 75 seconds to proceed.
Wait will complete at [2024] Mar 09 13:15:06.
[====================] 75.00 s [0.00 seconds remaining]     

Beginning state: post bake.

Set point changed to: -99.
Waiting 60 seconds to proceed.
Wait will complete at [2024] Mar 09 13:16:07.
[====================] 60.00 s [0.00 seconds remaining]     

Beginning state: off.

Sample flow disabled.
Backflush flow disabled.
Set point changed to: -99.
Waiting 876 seconds to proceed.
Wait will complete at [2024] Mar 09 13:30:45.
[====================] 876.00 s [0.00 seconds remaining]     
Sample Name: Breathing Air sampling returned: 2003.216614412445. 
**********************************************************************
*                        BEGINNING RUN (2/2)                         *
*                     METHOD: 2000 ML - STANDARD                     *
*                      SAMPLE: "BREATHING AIR".                      *
**********************************************************************
Selecting sample #15.
Running change over method to prime sample line.
Invalid stream select command. Use "home", "step", or enter the position.

Beginning state: evacuate.

Waiting 30 seconds to proceed.
Wait will complete at [2024] Mar 09 13:31:16.
[====================] 30.00 s [0.00 seconds remaining]     

Beginning state: flush.

Setting sample flow rate to 50. Please wait for flow to stabilize.
Waiting 30 seconds to proceed.
Wait will complete at [2024] Mar 09 13:32:03.
[====================] 30.00 s [0.00 seconds remaining]     

Beginning state: off.

Sample flow disabled.


Change over complete. Continuing to 2000 mL - Standard method.

Beginning state: cool down.

Checking that ads trap temperature is < -29.

Temperature threshold reached! Currently measuring -30.5


Beginning state: flush.

Setting sample flow rate to 100. Please wait for flow to stabilize.
Waiting 30 seconds to proceed.
Wait will complete at [2024] Mar 09 13:32:45.
[====================] 30.00 s [0.00 seconds remaining]     

Beginning state: sampling.

Precision timed pulse (20.0 min) on valve 1.
Pulse will complete at [2024] Mar 09 13:52:46.
sample volume: 2002.96065934833 mL

Beginning state: pre-backflush.

Sample flow disabled.
Setting backflush flow rate to 100. Please wait for flow to stabilize.
Waiting 15 seconds to proceed.
Wait will complete at [2024] Mar 09 13:53:31.
[====================] 15.00 s [0.00 seconds remaining]     

Beginning state: backflush.

Waiting 90 seconds to proceed.
Wait will complete at [2024] Mar 09 13:55:02.
[====================] 90.00 s [0.00 seconds remaining]     

Beginning state: drop backflush.

Setting backflush flow rate to 15. Please wait for flow to stabilize.


Beginning state: isolate trap.

Waiting 3 seconds to proceed.
Wait will complete at [2024] Mar 09 13:55:20.
[====================] 3.00 s [0.00 seconds remaining]     

Beginning state: check GC.

Waiting for GC to be ready.
Method will time out at [2024] Mar 09 14:01:20 if the GC is not ready.
GC ready.

Beginning state: flash heat.

Set point changed to: 698.5.
Waiting 6 seconds to proceed.
Wait will complete at [2024] Mar 09 13:55:27.
[====================] 6.00 s [0.00 seconds remaining]     

Beginning state: check heater.

Checking that ads trap temperature is > 275.

Beginning state: off.

Sample flow disabled.
Backflush flow disabled.
Set point changed to: -99.


Beginning state: off.

Sample flow disabled.
Backflush flow disabled.
Set point changed to: -99.

Exception occurred: Failed at [2024] Mar 09 13:55:40 on check heater: System failed to reach temperature in time. Currently measuring: -30.8. Sample Name: Breathing Air sampling returned: 2002.96065934833. 
Resetting system and continuing.
Successfully connected to MFC Controller!
Successfully connected to adsorbent trap!
Successfully connected to Valve Controller!

Beginning state: off.

Sample flow disabled.
Backflush flow disabled.
Set point changed to: -99.

Successfully connected to MFC Controller!
Successfully connected to adsorbent trap!
Successfully connected to Valve Controller!

Beginning state: off.

Sample flow disabled.
Backflush flow disabled.
Set point changed to: -99.


Beginning state: pre-backflush.

Setting backflush flow rate to 100. Please wait for flow to stabilize.
Waiting 15 seconds to proceed.
Wait will complete at [2024] Mar 09 13:56:29.
[====================] 15.00 s [0.00 seconds remaining]     

Beginning state: backflush.

Waiting 30 seconds to proceed.
Wait will complete at [2024] Mar 09 13:57:00.
[====================] 30.00 s [0.00 seconds remaining]     

Beginning state: heat Trap.

Set point changed to: 685.6.


Beginning state: check heater.

Checking that ads trap temperature is > 275.

Beginning state: off.

Sample flow disabled.
Backflush flow disabled.
Set point changed to: -99.


Beginning state: off.

Sample flow disabled.
Backflush flow disabled.
Set point changed to: -99.

Traceback (most recent call last):
  File "/home/pi/NMHC-Pre-Concentration/pre_con.py", line 855, in run_sequence
    self.run_method(method,
  File "/home/pi/NMHC-Pre-Concentration/pre_con.py", line 747, in run_method
    raise Exception(f'{error_notes} {notes}')
Exception: Failed at [2024] Mar 09 13:55:40 on check heater: System failed to reach temperature in time. Currently measuring: -30.8. Sample Name: Breathing Air sampling returned: 2002.96065934833. 

During handling of the above exception, another exception occurred:

Traceback (most recent call last):
  File "/home/pi/NMHC-Pre-Concentration/pre_con.py", line 961, in <module>
    pc.run_sequence(args.sequence)
  File "/home/pi/NMHC-Pre-Concentration/pre_con.py", line 866, in run_sequence
    self.run_method('bake out', background=True)
  File "/home/pi/NMHC-Pre-Concentration/pre_con.py", line 747, in run_method
    raise Exception(f'{error_notes} {notes}')
Exception: Failed at [2024] Mar 09 13:57:19 on check heater: System failed to reach temperature in time. Currently measuring: -30.5. 
