Successfully connected to VC on port /dev/ttyUSB0!
Successfully connected to MFC on port /dev/ttyUSB2!
Successfully connected to ADS on port /dev/ttyUSB1!
**********************************************************************
*                    BEGINNING SEQUENCE: DR.TXT.                     *
**********************************************************************
**********************************************************************
*                        BEGINNING RUN (1/1)                         *
*                        METHOD: 2000 ML REF                         *
*                      SAMPLE: "BREATHING AIR".                      *
**********************************************************************
Beginning state: cool down.

Checking that ads is <-27.5

ads threshold reached! Currently measuring -29.70

Beginning state: flush.

Setting sample flow rate to 100. Please wait for flow to stabilize.
Waiting 30 seconds to proceed.
Wait will complete at [2024] Jul 15 07:04:59.
[====================] 30.00 s [0.00 seconds remaining]     
Beginning state: sampling.

Precision timed pulse (20.0 min) on valve 1.
Pulse will complete at [2024] Jul 15 07:24:59.
True volume: 2003.2888526695428 mL
Beginning state: pre-backflush.

Sample flow disabled.
Setting backflush flow rate to 100. Please wait for flow to stabilize.
Waiting 15 seconds to proceed.
Wait will complete at [2024] Jul 15 07:25:47.
[====================] 15.00 s [0.00 seconds remaining]     
Beginning state: backflush.

Waiting 90 seconds to proceed.
Wait will complete at [2024] Jul 15 07:27:19.
[====================] 90.00 s [0.00 seconds remaining]     
Beginning state: drop backflush.

Setting backflush flow rate to 15. Please wait for flow to stabilize.

Beginning state: isolate trap.

Waiting 3 seconds to proceed.
Wait will complete at [2024] Jul 15 07:27:40.
[====================] 3.00 s [0.00 seconds remaining]     
Beginning state: check GC.

Waiting for GC to be ready.
Method will time out at [2024] Jul 15 07:33:40 if the GC is not ready.
GC ready.
Beginning state: flash heat.

Setting calibrated setpoint for 300
Set point changed to: 750.5.
Waiting 6 seconds to proceed.
Wait will complete at [2024] Jul 15 07:27:49.
[====================] 6.00 s [0.00 seconds remaining]     
Beginning state: check heater.

Checking that ads is >270

267.6 within 1%. Continuing to next state.

ads threshold reached! Currently measuring 267.50

Beginning state: start GC.

Waiting for GC to be ready.
Method will time out at [2024] Jul 15 07:34:01 if the GC is not ready.
GC ready.
Beginning state: inject.

Waiting 30 seconds to proceed.
Wait will complete at [2024] Jul 15 07:28:34.
[====================] 30.00 s [0.00 seconds remaining]     
Beginning state: bake out.

Waiting 90 seconds to proceed.
Wait will complete at [2024] Jul 15 07:30:06.
[====================] 90.00 s [0.00 seconds remaining]     
Beginning state: post bake.

Set point changed to: -99.
Sample flow disabled.
Backflush flow disabled.
Waiting 30 seconds to proceed.
Wait will complete at [2024] Jul 15 07:30:40.
[====================] 30.00 s [0.00 seconds remaining]     
Beginning state: off.

Set point changed to: -99.
Sample flow disabled.
Backflush flow disabled.

Sample Name: Breathing Air cool down returned: -29.70.  sampling returned: 2003.30.  check heater returned: 267.50. 
Beginning state: sequence wait.

Waiting 1407 seconds to proceed.
Wait will complete at [2024] Jul 15 07:54:12.
[====================] 1407.00 s [0.00 seconds remaining]     
**********************************************************************
*                        BEGINNING RUN (1/22)                        *
*                         METHOD: 2000 ML SA                         *
*                         SAMPLE: "PDX AIR".                         *
**********************************************************************
Selecting sample #2.
Running change over method to prime sample line.
Beginning state: evacuate.

Waiting 30 seconds to proceed.
Wait will complete at [2024] Jul 15 07:54:46.
[====================] 30.00 s [0.00 seconds remaining]     
Beginning state: flush.

Setting sample flow rate to 50. Please wait for flow to stabilize.
Waiting 30 seconds to proceed.
Wait will complete at [2024] Jul 15 07:55:42.
[====================] 30.00 s [0.00 seconds remaining]     
Beginning state: off.

Sample flow disabled.


Change over complete. Continuing to 2000 mL SA method.
Beginning state: cool down.

Checking that ads is <-27.5

ads threshold reached! Currently measuring -31.60

Beginning state: flush.

Setting sample flow rate to 100. Please wait for flow to stabilize.
Waiting 60 seconds to proceed.
Wait will complete at [2024] Jul 15 07:57:03.
[====================] 60.00 s [0.00 seconds remaining]     
Beginning state: sampling.

Precision timed pulse (20.0 min) on valve 1.
Pulse will complete at [2024] Jul 15 08:17:03.
True volume: 2002.8106736660325 mL
Beginning state: pre-backflush.

Sample flow disabled.
Setting backflush flow rate to 100. Please wait for flow to stabilize.
Waiting 15 seconds to proceed.
Wait will complete at [2024] Jul 15 08:17:52.
[====================] 15.00 s [0.00 seconds remaining]     
Beginning state: backflush.

Waiting 90 seconds to proceed.
Wait will complete at [2024] Jul 15 08:19:25.
[====================] 90.00 s [0.00 seconds remaining]     
Beginning state: drop backflush.

Setting backflush flow rate to 15. Please wait for flow to stabilize.

Beginning state: isolate trap.

Waiting 3 seconds to proceed.
Wait will complete at [2024] Jul 15 08:19:45.
[====================] 3.00 s [0.00 seconds remaining]     
Beginning state: check GC.

Waiting for GC to be ready.
Method will time out at [2024] Jul 15 08:25:45 if the GC is not ready.
GC ready.
Beginning state: flash heat.

Setting calibrated setpoint for 300
Set point changed to: 750.5.
Waiting 6 seconds to proceed.
Wait will complete at [2024] Jul 15 08:19:54.
[====================] 6.00 s [0.00 seconds remaining]     
Beginning state: check heater.

Checking that ads is >270

269.3 within 1%. Continuing to next state.

ads threshold reached! Currently measuring 269.20

Beginning state: start GC.

Waiting for GC to be ready.
Method will time out at [2024] Jul 15 08:26:06 if the GC is not ready.
GC ready.
Beginning state: inject.

Waiting 30 seconds to proceed.
Wait will complete at [2024] Jul 15 08:20:39.
[====================] 30.00 s [0.00 seconds remaining]     
Beginning state: bake out.

Waiting 90 seconds to proceed.
Wait will complete at [2024] Jul 15 08:22:11.
[====================] 90.00 s [0.00 seconds remaining]     
Beginning state: post bake.

Set point changed to: -99.
Sample flow disabled.
Backflush flow disabled.
Waiting 30 seconds to proceed.
Wait will complete at [2024] Jul 15 08:22:45.
[====================] 30.00 s [0.00 seconds remaining]     
Beginning state: off.

Set point changed to: -99.
Sample flow disabled.
Backflush flow disabled.

Sample Name: PDX Air cool down returned: -31.60.  sampling returned: 2002.80.  check heater returned: 269.20. 
Beginning state: sequence wait.

Waiting 1282 seconds to proceed.
Wait will complete at [2024] Jul 15 08:44:12.
[====================] 1282.00 s [0.00 seconds remaining]     
**********************************************************************
*                        BEGINNING RUN (2/22)                        *
*                         METHOD: 2000 ML SA                         *
*                         SAMPLE: "PDX AIR".                         *
**********************************************************************
Beginning state: cool down.

Checking that ads is <-27.5

ads threshold reached! Currently measuring -31.50

Beginning state: flush.

Setting sample flow rate to 100. Please wait for flow to stabilize.
Waiting 60 seconds to proceed.
Wait will complete at [2024] Jul 15 08:45:33.
[====================] 60.00 s [0.00 seconds remaining]     
Beginning state: sampling.

Precision timed pulse (20.0 min) on valve 1.
Pulse will complete at [2024] Jul 15 09:05:33.
True volume: 2003.4758594552195 mL
Beginning state: pre-backflush.

Sample flow disabled.
Setting backflush flow rate to 100. Please wait for flow to stabilize.
Waiting 15 seconds to proceed.
Wait will complete at [2024] Jul 15 09:06:22.
[====================] 15.00 s [0.00 seconds remaining]     
Beginning state: backflush.

Waiting 90 seconds to proceed.
Wait will complete at [2024] Jul 15 09:07:55.
[====================] 90.00 s [0.00 seconds remaining]     
Beginning state: drop backflush.

Setting backflush flow rate to 15. Please wait for flow to stabilize.

Beginning state: isolate trap.

Waiting 3 seconds to proceed.
Wait will complete at [2024] Jul 15 09:08:17.
[====================] 3.00 s [0.00 seconds remaining]     
Beginning state: check GC.

Waiting for GC to be ready.
Method will time out at [2024] Jul 15 09:14:17 if the GC is not ready.
GC ready.
Beginning state: flash heat.

Setting calibrated setpoint for 300
Set point changed to: 750.5.
Waiting 6 seconds to proceed.
Wait will complete at [2024] Jul 15 09:08:26.
[====================] 6.00 s [0.00 seconds remaining]     
Beginning state: check heater.

Checking that ads is >270

268.0 within 1%. Continuing to next state.

ads threshold reached! Currently measuring 268.20

Beginning state: start GC.

Waiting for GC to be ready.
Method will time out at [2024] Jul 15 09:14:38 if the GC is not ready.
GC ready.
Beginning state: inject.

Waiting 30 seconds to proceed.
Wait will complete at [2024] Jul 15 09:09:10.
[====================] 30.00 s [0.00 seconds remaining]     
Beginning state: bake out.

Waiting 90 seconds to proceed.
Wait will complete at [2024] Jul 15 09:10:43.
[====================] 90.00 s [0.00 seconds remaining]     
Beginning state: post bake.

Set point changed to: -99.
Sample flow disabled.
Backflush flow disabled.
Waiting 30 seconds to proceed.
Wait will complete at [2024] Jul 15 09:11:17.
[====================] 30.00 s [0.00 seconds remaining]     
Beginning state: off.

Set point changed to: -99.
Sample flow disabled.
Backflush flow disabled.

Sample Name: PDX Air cool down returned: -31.50.  sampling returned: 2003.50.  check heater returned: 268.20. 
Beginning state: sequence wait.

Waiting 1370 seconds to proceed.
Wait will complete at [2024] Jul 15 09:34:12.
[====================] 1370.00 s [0.00 seconds remaining]     
**********************************************************************
*                        BEGINNING RUN (3/22)                        *
*                         METHOD: 2000 ML SA                         *
*                         SAMPLE: "PDX AIR".                         *
**********************************************************************
Beginning state: cool down.

Checking that ads is <-27.5

ads threshold reached! Currently measuring -31.30

Beginning state: flush.

Setting sample flow rate to 100. Please wait for flow to stabilize.
Waiting 60 seconds to proceed.
Wait will complete at [2024] Jul 15 09:35:35.
[====================] 60.00 s [0.00 seconds remaining]     
Beginning state: sampling.

Precision timed pulse (20.0 min) on valve 1.
Pulse will complete at [2024] Jul 15 09:55:35.
True volume: 2003.7991365047978 mL
Beginning state: pre-backflush.

Sample flow disabled.
Setting backflush flow rate to 100. Please wait for flow to stabilize.
Waiting 15 seconds to proceed.
Wait will complete at [2024] Jul 15 09:56:24.
[====================] 15.00 s [0.00 seconds remaining]     
Beginning state: backflush.

Waiting 90 seconds to proceed.
Wait will complete at [2024] Jul 15 09:57:57.
[====================] 90.00 s [0.00 seconds remaining]     
Beginning state: drop backflush.

Setting backflush flow rate to 15. Please wait for flow to stabilize.

Beginning state: isolate trap.

Waiting 3 seconds to proceed.
Wait will complete at [2024] Jul 15 09:58:19.
[====================] 3.00 s [0.00 seconds remaining]     
Beginning state: check GC.

Waiting for GC to be ready.
Method will time out at [2024] Jul 15 10:04:19 if the GC is not ready.
GC ready.
Beginning state: flash heat.

Setting calibrated setpoint for 300
Set point changed to: 750.5.
Waiting 6 seconds to proceed.
Wait will complete at [2024] Jul 15 09:58:28.
[====================] 6.00 s [0.00 seconds remaining]     
Beginning state: check heater.

Checking that ads is >270
Temperature came in low, attempting to correct it.
Setting calibrated setpoint for 310
Set point changed to: 777.0.
Beginning state: off.

Set point changed to: -99.
Sample flow disabled.
Backflush flow disabled.

Successfully connected to VC on port /dev/ttyUSB0!
Successfully connected to MFC on port /dev/ttyUSB2!
Successfully connected to ADS on port /dev/ttyUSB1!
Beginning state: check gc.

Waiting for GC to be ready.
Method will time out at [2024] Jul 16 11:15:31 if the GC is not ready.
GC ready.
Beginning state: start gc.

Waiting for GC to be ready.
Method will time out at [2024] Jul 15 10:04:55 if the GC is not ready.
GC ready.
Beginning state: pre-backflush.

Setting backflush flow rate to 100. Please wait for flow to stabilize.
Waiting 15 seconds to proceed.
Wait will complete at [2024] Jul 15 09:59:21.
[====================] 15.00 s [0.00 seconds remaining]     
Beginning state: backflush.

Waiting 30 seconds to proceed.
Wait will complete at [2024] Jul 15 09:59:53.
[====================] 30.00 s [0.00 seconds remaining]     
Beginning state: heat Trap.

Setting calibrated setpoint for 300
Set point changed to: 750.5.

Beginning state: check heater.

Checking that ads is >270
Temperature came in low, attempting to correct it.
Setting calibrated setpoint for 310
Set point changed to: 777.0.
Beginning state: off.

Set point changed to: -99.
Sample flow disabled.
Backflush flow disabled.

Traceback (most recent call last):
  File "/home/pi/NMHC-Pre-Concentration/pre_con.py", line 1036, in run_sequence
    self.run_method(item['Method'],
  File "/home/pi/NMHC-Pre-Concentration/pre_con.py", line 837, in run_method
    raise Exception(f'{error_notes} {notes}')
Exception: Failed at [2024] Jul 15 09:58:43 on check heater, line 811: <class 'SystemError'> ads failed to reach 270 in time. Last measured: 263.20. Sample Name: PDX Air cool down returned: -31.30.  sampling returned: 2003.80. 

During handling of the above exception, another exception occurred:

Traceback (most recent call last):
  File "/home/pi/NMHC-Pre-Concentration/pre_con.py", line 1172, in <module>
    pc.run_sequence(args.sequence, continuous=args.continuous)
  File "/home/pi/NMHC-Pre-Concentration/pre_con.py", line 1070, in run_sequence
    self.run_method('bake out', background=True)
  File "/home/pi/NMHC-Pre-Concentration/pre_con.py", line 837, in run_method
    raise Exception(f'{error_notes} {notes}')
Exception: Failed at [2024] Jul 15 10:00:11 on check heater, line 811: <class 'SystemError'> ads failed to reach 270 in time. Last measured: 262.40. 
